


ARM Macro Assembler    Page 1 


    1 00000000         ; EXPERIMENT_7 Title for the code
    2 00000000 00000006 
                       n_val   EQU              6           ; Define n value
    3 00000000                 AREA             code_area, CODE, READONLY ;Tell
                                                            ing uVision that th
                                                            is part is code reg
                                                            ion
    4 00000000                 EXPORT           __main      ;exporting to main
    5 00000000                 ALIGN                        ;To align everythin
                                                            g automatically
    6 00000000                 ENTRY
    7 00000000         __main  PROC                         ;Starting of the ma
                                                            in function
    8 00000000 2001            MOVS             R0, #1
    9 00000002 2106            MOVS             R1, #n_val
   10 00000004 2200            MOVS             R2, #0
   11 00000006 280A    _test   CMP              R0, #10
   12 00000008 D005            BEQ              _end
   13 0000000A 1C40            ADDS             R0, R0, #1
   14 0000000C 0849            LSRS             R1, R1, #1
   15 0000000E D200            BCS              _parity
   16 00000010 E7F9            B                _test
   17 00000012 1C52    _parity ADDS             R2, R2, #1
   18 00000014 E7F7            B                _test
   19 00000016 E7FE    _end    B                _end
   20 00000018                 ENDP
   21 00000018                 END
Command Line: --debug --xref --diag_suppress=9931 --cpu=Cortex-M0+ --apcs=inter
work --depend=.\objects\exercise_7.d -o.\objects\exercise_7.o -I.\RTE\Device\MK
L25Z128xxx4 -I.\RTE\_Target_1 -IC:\Users\super\AppData\Local\Arm\Packs\ARM\CMSI
S\5.6.0\CMSIS\Core\Include -IC:\Users\super\AppData\Local\Arm\Packs\Keil\Kineti
s_KLxx_DFP\1.15.0\Device\Include --predefine="__EVAL SETA 1" --predefine="__UVI
SION_VERSION SETA 529" --predefine="_RTE_ SETA 1" --predefine="MKL25Z128xxx4 SE
TA 1" --list=.\listings\exercise_7.lst Exercise_7.s



ARM Macro Assembler    Page 1 Alphabetic symbol ordering
Relocatable symbols

__main 00000000

Symbol: __main
   Definitions
      At line 7 in file Exercise_7.s
   Uses
      At line 4 in file Exercise_7.s
Comment: __main used once
_end 00000016

Symbol: _end
   Definitions
      At line 19 in file Exercise_7.s
   Uses
      At line 12 in file Exercise_7.s
      At line 19 in file Exercise_7.s

_parity 00000012

Symbol: _parity
   Definitions
      At line 17 in file Exercise_7.s
   Uses
      At line 15 in file Exercise_7.s
Comment: _parity used once
_test 00000006

Symbol: _test
   Definitions
      At line 11 in file Exercise_7.s
   Uses
      At line 16 in file Exercise_7.s
      At line 18 in file Exercise_7.s

code_area 00000000

Symbol: code_area
   Definitions
      At line 3 in file Exercise_7.s
   Uses
      None
Comment: code_area unused
5 symbols



ARM Macro Assembler    Page 1 Alphabetic symbol ordering
Absolute symbols

n_val 00000006

Symbol: n_val
   Definitions
      At line 2 in file Exercise_7.s
   Uses
      At line 9 in file Exercise_7.s
Comment: n_val used once
1 symbol
340 symbols in table
